Analysis & Elaboration report for my_jtd
Sun Mar 27 20:16:27 2022
Quartus Prime Version 17.1.0 Build 590 10/25/2017 SJ Standard Edition


---------------------
; Table of Contents ;
---------------------
  1. Legal Notice
  2. Analysis & Elaboration Summary
  3. Parallel Compilation
  4. Parameter Settings for User Entity Instance: Top-level Entity: |my_jtd
  5. Parameter Settings for User Entity Instance: my_ram:u2
  6. Analysis & Elaboration Settings
  7. Port Connectivity Checks: "my_FEC:test"
  8. Port Connectivity Checks: "my_dwh:dwh_coded"
  9. Port Connectivity Checks: "my_crc:crc_coded"
 10. Port Connectivity Checks: "my_dwh:dwh_uncoded"
 11. Port Connectivity Checks: "my_crc:crc_uncoded"
 12. Port Connectivity Checks: "my_ram:u2"
 13. Analysis & Elaboration Messages
 14. Analysis & Elaboration Suppressed Messages



----------------
; Legal Notice ;
----------------
Copyright (C) 2017  Intel Corporation. All rights reserved.
Your use of Intel Corporation's design tools, logic functions 
and other software and tools, and its AMPP partner logic 
functions, and any output files from any of the foregoing 
(including device programming or simulation files), and any 
associated documentation or information are expressly subject 
to the terms and conditions of the Intel Program License 
Subscription Agreement, the Intel Quartus Prime License Agreement,
the Intel FPGA IP License Agreement, or other applicable license
agreement, including, without limitation, that your use is for
the sole purpose of programming logic devices manufactured by
Intel and sold by Intel or its authorized distributors.  Please
refer to the applicable agreement for further details.



+---------------------------------------------------------------------------------+
; Analysis & Elaboration Summary                                                  ;
+-------------------------------+-------------------------------------------------+
; Analysis & Elaboration Status ; Successful - Sun Mar 27 20:16:27 2022           ;
; Quartus Prime Version         ; 17.1.0 Build 590 10/25/2017 SJ Standard Edition ;
; Revision Name                 ; my_jtd                                          ;
; Top-level Entity Name         ; my_jtd                                          ;
; Family                        ; Cyclone V                                       ;
; Logic utilization (in ALMs)   ; N/A until Partition Merge                       ;
; Total registers               ; N/A until Partition Merge                       ;
; Total pins                    ; N/A until Partition Merge                       ;
; Total virtual pins            ; N/A until Partition Merge                       ;
; Total block memory bits       ; N/A until Partition Merge                       ;
; Total PLLs                    ; N/A until Partition Merge                       ;
; Total DLLs                    ; N/A until Partition Merge                       ;
+-------------------------------+-------------------------------------------------+


+------------------------------------------+
; Parallel Compilation                     ;
+----------------------------+-------------+
; Processors                 ; Number      ;
+----------------------------+-------------+
; Number detected on machine ; 8           ;
; Maximum allowed            ; 4           ;
;                            ;             ;
; Average used               ; 1.00        ;
; Maximum used               ; 1           ;
;                            ;             ;
; Usage by Processor         ; % Time Used ;
;     Processor 1            ; 100.0%      ;
+----------------------------+-------------+


+------------------------------------------------------------------------+
; Parameter Settings for User Entity Instance: Top-level Entity: |my_jtd ;
+------------------+-------+---------------------------------------------+
; Parameter Name   ; Value ; Type                                        ;
+------------------+-------+---------------------------------------------+
; s_idle           ; 0000  ; Unsigned Binary                             ;
; s_tx_preamble    ; 0001  ; Unsigned Binary                             ;
; s_tx_access      ; 0010  ; Unsigned Binary                             ;
; s_tx_ci          ; 0011  ; Unsigned Binary                             ;
; s_tx_term1       ; 0100  ; Unsigned Binary                             ;
; s_tx_pdu_header  ; 0101  ; Unsigned Binary                             ;
; s_tx_pdu_payload ; 0110  ; Unsigned Binary                             ;
; s_wait_crc       ; 0111  ; Unsigned Binary                             ;
; s_tx_term2       ; 1000  ; Unsigned Binary                             ;
; s_end            ; 1001  ; Unsigned Binary                             ;
; s_reset          ; 1010  ; Unsigned Binary                             ;
+------------------+-------+---------------------------------------------+
Note: In order to hide this table in the UI and the text report file, please set the "Show Parameter Settings in Synthesis Report" option in "Analysis and Synthesis Settings -> More Settings" to "Off".


+--------------------------------------------------------+
; Parameter Settings for User Entity Instance: my_ram:u2 ;
+----------------+-------+-------------------------------+
; Parameter Name ; Value ; Type                          ;
+----------------+-------+-------------------------------+
; DW             ; 32    ; Signed Integer                ;
; AW             ; 7     ; Signed Integer                ;
+----------------+-------+-------------------------------+
Note: In order to hide this table in the UI and the text report file, please set the "Show Parameter Settings in Synthesis Report" option in "Analysis and Synthesis Settings -> More Settings" to "Off".


+---------------------------------------------------------------------------------------------------------------------------+
; Analysis & Elaboration Settings                                                                                           ;
+---------------------------------------------------------------------------------+--------------------+--------------------+
; Option                                                                          ; Setting            ; Default Value      ;
+---------------------------------------------------------------------------------+--------------------+--------------------+
; Device                                                                          ; 5CSEMA5F31C6       ;                    ;
; Top-level entity name                                                           ; my_jtd             ; my_jtd             ;
; Family name                                                                     ; Cyclone V          ; Cyclone V          ;
; Use smart compilation                                                           ; Off                ; Off                ;
; Enable parallel Assembler and TimeQuest Timing Analyzer during compilation      ; On                 ; On                 ;
; Enable compact report table                                                     ; Off                ; Off                ;
; Restructure Multiplexers                                                        ; Auto               ; Auto               ;
; MLAB Add Timing Constraints For Mixed-Port Feed-Through Mode Setting Don't Care ; Off                ; Off                ;
; Create Debugging Nodes for IP Cores                                             ; Off                ; Off                ;
; Preserve fewer node names                                                       ; On                 ; On                 ;
; Intel FPGA IP Evaluation Mode                                                   ; Enable             ; Enable             ;
; Verilog Version                                                                 ; Verilog_2001       ; Verilog_2001       ;
; VHDL Version                                                                    ; VHDL_1993          ; VHDL_1993          ;
; State Machine Processing                                                        ; Auto               ; Auto               ;
; Safe State Machine                                                              ; Off                ; Off                ;
; Extract Verilog State Machines                                                  ; On                 ; On                 ;
; Extract VHDL State Machines                                                     ; On                 ; On                 ;
; Ignore Verilog initial constructs                                               ; Off                ; Off                ;
; Iteration limit for constant Verilog loops                                      ; 5000               ; 5000               ;
; Iteration limit for non-constant Verilog loops                                  ; 250                ; 250                ;
; Add Pass-Through Logic to Inferred RAMs                                         ; On                 ; On                 ;
; Infer RAMs from Raw Logic                                                       ; On                 ; On                 ;
; Parallel Synthesis                                                              ; On                 ; On                 ;
; DSP Block Balancing                                                             ; Auto               ; Auto               ;
; NOT Gate Push-Back                                                              ; On                 ; On                 ;
; Power-Up Don't Care                                                             ; On                 ; On                 ;
; Remove Redundant Logic Cells                                                    ; Off                ; Off                ;
; Remove Duplicate Registers                                                      ; On                 ; On                 ;
; Ignore CARRY Buffers                                                            ; Off                ; Off                ;
; Ignore CASCADE Buffers                                                          ; Off                ; Off                ;
; Ignore GLOBAL Buffers                                                           ; Off                ; Off                ;
; Ignore ROW GLOBAL Buffers                                                       ; Off                ; Off                ;
; Ignore LCELL Buffers                                                            ; Off                ; Off                ;
; Ignore SOFT Buffers                                                             ; On                 ; On                 ;
; Limit AHDL Integers to 32 Bits                                                  ; Off                ; Off                ;
; Optimization Technique                                                          ; Balanced           ; Balanced           ;
; Carry Chain Length                                                              ; 70                 ; 70                 ;
; Auto Carry Chains                                                               ; On                 ; On                 ;
; Auto Open-Drain Pins                                                            ; On                 ; On                 ;
; Perform WYSIWYG Primitive Resynthesis                                           ; Off                ; Off                ;
; Auto ROM Replacement                                                            ; On                 ; On                 ;
; Auto RAM Replacement                                                            ; On                 ; On                 ;
; Auto DSP Block Replacement                                                      ; On                 ; On                 ;
; Auto Shift Register Replacement                                                 ; Auto               ; Auto               ;
; Allow Shift Register Merging across Hierarchies                                 ; Auto               ; Auto               ;
; Auto Clock Enable Replacement                                                   ; On                 ; On                 ;
; Strict RAM Replacement                                                          ; Off                ; Off                ;
; Allow Synchronous Control Signals                                               ; On                 ; On                 ;
; Force Use of Synchronous Clear Signals                                          ; Off                ; Off                ;
; Auto Resource Sharing                                                           ; Off                ; Off                ;
; Allow Any RAM Size For Recognition                                              ; Off                ; Off                ;
; Allow Any ROM Size For Recognition                                              ; Off                ; Off                ;
; Allow Any Shift Register Size For Recognition                                   ; Off                ; Off                ;
; Use LogicLock Constraints during Resource Balancing                             ; On                 ; On                 ;
; Ignore translate_off and synthesis_off directives                               ; Off                ; Off                ;
; Timing-Driven Synthesis                                                         ; On                 ; On                 ;
; Report Parameter Settings                                                       ; On                 ; On                 ;
; Report Source Assignments                                                       ; On                 ; On                 ;
; Report Connectivity Checks                                                      ; On                 ; On                 ;
; Ignore Maximum Fan-Out Assignments                                              ; Off                ; Off                ;
; Synchronization Register Chain Length                                           ; 3                  ; 3                  ;
; Power Optimization During Synthesis                                             ; Normal compilation ; Normal compilation ;
; HDL message level                                                               ; Level2             ; Level2             ;
; Suppress Register Optimization Related Messages                                 ; Off                ; Off                ;
; Number of Removed Registers Reported in Synthesis Report                        ; 5000               ; 5000               ;
; Number of Swept Nodes Reported in Synthesis Report                              ; 5000               ; 5000               ;
; Number of Inverted Registers Reported in Synthesis Report                       ; 100                ; 100                ;
; Clock MUX Protection                                                            ; On                 ; On                 ;
; Auto Gated Clock Conversion                                                     ; Off                ; Off                ;
; Block Design Naming                                                             ; Auto               ; Auto               ;
; SDC constraint protection                                                       ; Off                ; Off                ;
; Synthesis Effort                                                                ; Auto               ; Auto               ;
; Shift Register Replacement - Allow Asynchronous Clear Signal                    ; On                 ; On                 ;
; Pre-Mapping Resynthesis Optimization                                            ; Off                ; Off                ;
; Analysis & Synthesis Message Level                                              ; Medium             ; Medium             ;
; Disable Register Merging Across Hierarchies                                     ; Auto               ; Auto               ;
; Resource Aware Inference For Block RAM                                          ; On                 ; On                 ;
; Automatic Parallel Synthesis                                                    ; On                 ; On                 ;
; Partial Reconfiguration Bitstream ID                                            ; Off                ; Off                ;
+---------------------------------------------------------------------------------+--------------------+--------------------+


+-------------------------------------------------------------------------------------------------------------------+
; Port Connectivity Checks: "my_FEC:test"                                                                           ;
+---------+--------+----------+-------------------------------------------------------------------------------------+
; Port    ; Type   ; Severity ; Details                                                                             ;
+---------+--------+----------+-------------------------------------------------------------------------------------+
; coded_r ; Output ; Info     ; Connected to dangling logic. Logic that only feeds a dangling port will be removed. ;
+---------+--------+----------+-------------------------------------------------------------------------------------+


+----------------------------------------------------------------------------------------------------------------------+
; Port Connectivity Checks: "my_dwh:dwh_coded"                                                                         ;
+------------+--------+----------+-------------------------------------------------------------------------------------+
; Port       ; Type   ; Severity ; Details                                                                             ;
+------------+--------+----------+-------------------------------------------------------------------------------------+
; r_dwh_lfsr ; Output ; Info     ; Connected to dangling logic. Logic that only feeds a dangling port will be removed. ;
+------------+--------+----------+-------------------------------------------------------------------------------------+


+------------------------------------------------------------------------------------------------------------------+
; Port Connectivity Checks: "my_crc:crc_coded"                                                                     ;
+--------+--------+----------+-------------------------------------------------------------------------------------+
; Port   ; Type   ; Severity ; Details                                                                             ;
+--------+--------+----------+-------------------------------------------------------------------------------------+
; r_data ; Output ; Info     ; Connected to dangling logic. Logic that only feeds a dangling port will be removed. ;
+--------+--------+----------+-------------------------------------------------------------------------------------+


+----------------------------------------------------------------------------------------------------------------------+
; Port Connectivity Checks: "my_dwh:dwh_uncoded"                                                                       ;
+------------+--------+----------+-------------------------------------------------------------------------------------+
; Port       ; Type   ; Severity ; Details                                                                             ;
+------------+--------+----------+-------------------------------------------------------------------------------------+
; r_dwh_lfsr ; Output ; Info     ; Connected to dangling logic. Logic that only feeds a dangling port will be removed. ;
+------------+--------+----------+-------------------------------------------------------------------------------------+


+------------------------------------------------------------------------------------------------------------------+
; Port Connectivity Checks: "my_crc:crc_uncoded"                                                                   ;
+--------+--------+----------+-------------------------------------------------------------------------------------+
; Port   ; Type   ; Severity ; Details                                                                             ;
+--------+--------+----------+-------------------------------------------------------------------------------------+
; r_data ; Output ; Info     ; Connected to dangling logic. Logic that only feeds a dangling port will be removed. ;
+--------+--------+----------+-------------------------------------------------------------------------------------+


+----------------------------------------+
; Port Connectivity Checks: "my_ram:u2"  ;
+------+-------+----------+--------------+
; Port ; Type  ; Severity ; Details      ;
+------+-------+----------+--------------+
; we2  ; Input ; Info     ; Stuck at GND ;
; cs2  ; Input ; Info     ; Stuck at VCC ;
+------+-------+----------+--------------+


+---------------------------------+
; Analysis & Elaboration Messages ;
+---------------------------------+
Info: *******************************************************************
Info: Running Quartus Prime Analysis & Elaboration
    Info: Version 17.1.0 Build 590 10/25/2017 SJ Standard Edition
    Info: Processing started: Sun Mar 27 20:16:14 2022
Info: Command: quartus_map --read_settings_files=on --write_settings_files=off my_jtd -c my_jtd --analysis_and_elaboration
Warning (18236): Number of processors has not been specified which may cause overloading on shared machines.  Set the global assignment NUM_PARALLEL_PROCESSORS in your QSF to an appropriate value for best performance.
Info (20030): Parallel compilation is enabled and will use 4 of the 4 processors detected
Info (12021): Found 1 design units, including 1 entities, in source file my_jtd.v
    Info (12023): Found entity 1: my_jtd File: C:/Users/HP/Desktop/bluetooth/test_zhcoded/my_jtd.v Line: 1
Info (12021): Found 1 design units, including 1 entities, in source file my_ram.v
    Info (12023): Found entity 1: my_ram File: C:/Users/HP/Desktop/bluetooth/test_zhcoded/my_ram.v Line: 1
Info (12021): Found 1 design units, including 1 entities, in source file my_crc.v
    Info (12023): Found entity 1: my_crc File: C:/Users/HP/Desktop/bluetooth/test_zhcoded/my_crc.v Line: 1
Info (12021): Found 1 design units, including 1 entities, in source file my_dwh.v
    Info (12023): Found entity 1: my_dwh File: C:/Users/HP/Desktop/bluetooth/test_zhcoded/my_dwh.v Line: 1
Info (12021): Found 1 design units, including 1 entities, in source file my_fec.v
    Info (12023): Found entity 1: my_FEC File: C:/Users/HP/Desktop/bluetooth/test_zhcoded/my_FEC.v Line: 1
Warning (10236): Verilog HDL Implicit Net warning at my_jtd.v(113): created implicit net for "dwh_init" File: C:/Users/HP/Desktop/bluetooth/test_zhcoded/my_jtd.v Line: 113
Warning (10236): Verilog HDL Implicit Net warning at my_jtd.v(118): created implicit net for "dwh_init_coded" File: C:/Users/HP/Desktop/bluetooth/test_zhcoded/my_jtd.v Line: 118
Warning (10222): Verilog HDL Parameter Declaration warning at my_ram.v(19): Parameter Declaration in module "my_ram" behaves as a Local Parameter Declaration because the module has a Module Parameter Port List File: C:/Users/HP/Desktop/bluetooth/test_zhcoded/my_ram.v Line: 19
Info (12127): Elaborating entity "my_jtd" for the top level hierarchy
Warning (10036): Verilog HDL or VHDL warning at my_jtd.v(67): object "r_fsm_data_wire" assigned a value but never read File: C:/Users/HP/Desktop/bluetooth/test_zhcoded/my_jtd.v Line: 67
Warning (10230): Verilog HDL assignment warning at my_jtd.v(149): truncated value with size 32 to match size of target (1) File: C:/Users/HP/Desktop/bluetooth/test_zhcoded/my_jtd.v Line: 149
Warning (10240): Verilog HDL Always Construct warning at my_jtd.v(163): inferring latch(es) for variable "next_state", which holds its previous value in one or more paths through the always construct File: C:/Users/HP/Desktop/bluetooth/test_zhcoded/my_jtd.v Line: 163
Warning (10240): Verilog HDL Always Construct warning at my_jtd.v(163): inferring latch(es) for variable "r_fsm_data", which holds its previous value in one or more paths through the always construct File: C:/Users/HP/Desktop/bluetooth/test_zhcoded/my_jtd.v Line: 163
Warning (10240): Verilog HDL Always Construct warning at my_jtd.v(163): inferring latch(es) for variable "r_fsm_data_vld", which holds its previous value in one or more paths through the always construct File: C:/Users/HP/Desktop/bluetooth/test_zhcoded/my_jtd.v Line: 163
Warning (10240): Verilog HDL Always Construct warning at my_jtd.v(163): inferring latch(es) for variable "r_rst_tx_reg", which holds its previous value in one or more paths through the always construct File: C:/Users/HP/Desktop/bluetooth/test_zhcoded/my_jtd.v Line: 163
Warning (10240): Verilog HDL Always Construct warning at my_jtd.v(163): inferring latch(es) for variable "PAYLOAD", which holds its previous value in one or more paths through the always construct File: C:/Users/HP/Desktop/bluetooth/test_zhcoded/my_jtd.v Line: 163
Warning (10240): Verilog HDL Always Construct warning at my_jtd.v(163): inferring latch(es) for variable "payload_zz_flag", which holds its previous value in one or more paths through the always construct File: C:/Users/HP/Desktop/bluetooth/test_zhcoded/my_jtd.v Line: 163
Warning (10240): Verilog HDL Always Construct warning at my_jtd.v(163): inferring latch(es) for variable "vld_zz_flag", which holds its previous value in one or more paths through the always construct File: C:/Users/HP/Desktop/bluetooth/test_zhcoded/my_jtd.v Line: 163
Warning (10240): Verilog HDL Always Construct warning at my_jtd.v(163): inferring latch(es) for variable "r_cnt_cnt", which holds its previous value in one or more paths through the always construct File: C:/Users/HP/Desktop/bluetooth/test_zhcoded/my_jtd.v Line: 163
Warning (10240): Verilog HDL Always Construct warning at my_jtd.v(163): inferring latch(es) for variable "vld_flag_coded", which holds its previous value in one or more paths through the always construct File: C:/Users/HP/Desktop/bluetooth/test_zhcoded/my_jtd.v Line: 163
Warning (10240): Verilog HDL Always Construct warning at my_jtd.v(163): inferring latch(es) for variable "vld_flag_coded_dwh", which holds its previous value in one or more paths through the always construct File: C:/Users/HP/Desktop/bluetooth/test_zhcoded/my_jtd.v Line: 163
Warning (10240): Verilog HDL Always Construct warning at my_jtd.v(163): inferring latch(es) for variable "vld_flag_coded_crc", which holds its previous value in one or more paths through the always construct File: C:/Users/HP/Desktop/bluetooth/test_zhcoded/my_jtd.v Line: 163
Warning (10240): Verilog HDL Always Construct warning at my_jtd.v(163): inferring latch(es) for variable "vld_flag_uncoded_dwh", which holds its previous value in one or more paths through the always construct File: C:/Users/HP/Desktop/bluetooth/test_zhcoded/my_jtd.v Line: 163
Warning (10240): Verilog HDL Always Construct warning at my_jtd.v(163): inferring latch(es) for variable "vld_flag_uncoded_crc", which holds its previous value in one or more paths through the always construct File: C:/Users/HP/Desktop/bluetooth/test_zhcoded/my_jtd.v Line: 163
Warning (10240): Verilog HDL Always Construct warning at my_jtd.v(163): inferring latch(es) for variable "r_coded_en", which holds its previous value in one or more paths through the always construct File: C:/Users/HP/Desktop/bluetooth/test_zhcoded/my_jtd.v Line: 163
Warning (10240): Verilog HDL Always Construct warning at my_jtd.v(163): inferring latch(es) for variable "r_switch_crc", which holds its previous value in one or more paths through the always construct File: C:/Users/HP/Desktop/bluetooth/test_zhcoded/my_jtd.v Line: 163
Warning (10240): Verilog HDL Always Construct warning at my_jtd.v(163): inferring latch(es) for variable "r_switch_dwh", which holds its previous value in one or more paths through the always construct File: C:/Users/HP/Desktop/bluetooth/test_zhcoded/my_jtd.v Line: 163
Warning (10240): Verilog HDL Always Construct warning at my_jtd.v(163): inferring latch(es) for variable "r_switch_crc_coded", which holds its previous value in one or more paths through the always construct File: C:/Users/HP/Desktop/bluetooth/test_zhcoded/my_jtd.v Line: 163
Warning (10240): Verilog HDL Always Construct warning at my_jtd.v(163): inferring latch(es) for variable "r_switch_dwh_coded", which holds its previous value in one or more paths through the always construct File: C:/Users/HP/Desktop/bluetooth/test_zhcoded/my_jtd.v Line: 163
Warning (10240): Verilog HDL Always Construct warning at my_jtd.v(163): inferring latch(es) for variable "RAM_OE2", which holds its previous value in one or more paths through the always construct File: C:/Users/HP/Desktop/bluetooth/test_zhcoded/my_jtd.v Line: 163
Warning (10240): Verilog HDL Always Construct warning at my_jtd.v(163): inferring latch(es) for variable "RAM_A2", which holds its previous value in one or more paths through the always construct File: C:/Users/HP/Desktop/bluetooth/test_zhcoded/my_jtd.v Line: 163
Warning (10240): Verilog HDL Always Construct warning at my_jtd.v(163): inferring latch(es) for variable "RAM_CS2", which holds its previous value in one or more paths through the always construct File: C:/Users/HP/Desktop/bluetooth/test_zhcoded/my_jtd.v Line: 163
Warning (10240): Verilog HDL Always Construct warning at my_jtd.v(163): inferring latch(es) for variable "RAM_WEN2", which holds its previous value in one or more paths through the always construct File: C:/Users/HP/Desktop/bluetooth/test_zhcoded/my_jtd.v Line: 163
Warning (10240): Verilog HDL Always Construct warning at my_jtd.v(163): inferring latch(es) for variable "r_bytes", which holds its previous value in one or more paths through the always construct File: C:/Users/HP/Desktop/bluetooth/test_zhcoded/my_jtd.v Line: 163
Warning (10240): Verilog HDL Always Construct warning at my_jtd.v(163): inferring latch(es) for variable "r_crc_init_coded", which holds its previous value in one or more paths through the always construct File: C:/Users/HP/Desktop/bluetooth/test_zhcoded/my_jtd.v Line: 163
Warning (10240): Verilog HDL Always Construct warning at my_jtd.v(163): inferring latch(es) for variable "r_dwh_init_coded", which holds its previous value in one or more paths through the always construct File: C:/Users/HP/Desktop/bluetooth/test_zhcoded/my_jtd.v Line: 163
Warning (10240): Verilog HDL Always Construct warning at my_jtd.v(163): inferring latch(es) for variable "r_crc_init", which holds its previous value in one or more paths through the always construct File: C:/Users/HP/Desktop/bluetooth/test_zhcoded/my_jtd.v Line: 163
Warning (10240): Verilog HDL Always Construct warning at my_jtd.v(163): inferring latch(es) for variable "r_dwh_init", which holds its previous value in one or more paths through the always construct File: C:/Users/HP/Desktop/bluetooth/test_zhcoded/my_jtd.v Line: 163
Info (10041): Inferred latch for "r_dwh_init" at my_jtd.v(163) File: C:/Users/HP/Desktop/bluetooth/test_zhcoded/my_jtd.v Line: 163
Info (10041): Inferred latch for "r_crc_init" at my_jtd.v(163) File: C:/Users/HP/Desktop/bluetooth/test_zhcoded/my_jtd.v Line: 163
Info (10041): Inferred latch for "r_dwh_init_coded" at my_jtd.v(163) File: C:/Users/HP/Desktop/bluetooth/test_zhcoded/my_jtd.v Line: 163
Info (10041): Inferred latch for "r_crc_init_coded" at my_jtd.v(163) File: C:/Users/HP/Desktop/bluetooth/test_zhcoded/my_jtd.v Line: 163
Info (10041): Inferred latch for "r_bytes[0]" at my_jtd.v(163) File: C:/Users/HP/Desktop/bluetooth/test_zhcoded/my_jtd.v Line: 163
Info (10041): Inferred latch for "r_bytes[1]" at my_jtd.v(163) File: C:/Users/HP/Desktop/bluetooth/test_zhcoded/my_jtd.v Line: 163
Info (10041): Inferred latch for "r_bytes[2]" at my_jtd.v(163) File: C:/Users/HP/Desktop/bluetooth/test_zhcoded/my_jtd.v Line: 163
Info (10041): Inferred latch for "r_bytes[3]" at my_jtd.v(163) File: C:/Users/HP/Desktop/bluetooth/test_zhcoded/my_jtd.v Line: 163
Info (10041): Inferred latch for "r_bytes[4]" at my_jtd.v(163) File: C:/Users/HP/Desktop/bluetooth/test_zhcoded/my_jtd.v Line: 163
Info (10041): Inferred latch for "r_bytes[5]" at my_jtd.v(163) File: C:/Users/HP/Desktop/bluetooth/test_zhcoded/my_jtd.v Line: 163
Info (10041): Inferred latch for "r_bytes[6]" at my_jtd.v(163) File: C:/Users/HP/Desktop/bluetooth/test_zhcoded/my_jtd.v Line: 163
Info (10041): Inferred latch for "r_bytes[7]" at my_jtd.v(163) File: C:/Users/HP/Desktop/bluetooth/test_zhcoded/my_jtd.v Line: 163
Info (10041): Inferred latch for "RAM_WEN2" at my_jtd.v(163) File: C:/Users/HP/Desktop/bluetooth/test_zhcoded/my_jtd.v Line: 163
Info (10041): Inferred latch for "RAM_CS2" at my_jtd.v(163) File: C:/Users/HP/Desktop/bluetooth/test_zhcoded/my_jtd.v Line: 163
Info (10041): Inferred latch for "RAM_A2[0]" at my_jtd.v(163) File: C:/Users/HP/Desktop/bluetooth/test_zhcoded/my_jtd.v Line: 163
Info (10041): Inferred latch for "RAM_A2[1]" at my_jtd.v(163) File: C:/Users/HP/Desktop/bluetooth/test_zhcoded/my_jtd.v Line: 163
Info (10041): Inferred latch for "RAM_A2[2]" at my_jtd.v(163) File: C:/Users/HP/Desktop/bluetooth/test_zhcoded/my_jtd.v Line: 163
Info (10041): Inferred latch for "RAM_A2[3]" at my_jtd.v(163) File: C:/Users/HP/Desktop/bluetooth/test_zhcoded/my_jtd.v Line: 163
Info (10041): Inferred latch for "RAM_A2[4]" at my_jtd.v(163) File: C:/Users/HP/Desktop/bluetooth/test_zhcoded/my_jtd.v Line: 163
Info (10041): Inferred latch for "RAM_A2[5]" at my_jtd.v(163) File: C:/Users/HP/Desktop/bluetooth/test_zhcoded/my_jtd.v Line: 163
Info (10041): Inferred latch for "RAM_A2[6]" at my_jtd.v(163) File: C:/Users/HP/Desktop/bluetooth/test_zhcoded/my_jtd.v Line: 163
Info (10041): Inferred latch for "RAM_OE2" at my_jtd.v(163) File: C:/Users/HP/Desktop/bluetooth/test_zhcoded/my_jtd.v Line: 163
Info (10041): Inferred latch for "r_switch_dwh_coded" at my_jtd.v(163) File: C:/Users/HP/Desktop/bluetooth/test_zhcoded/my_jtd.v Line: 163
Info (10041): Inferred latch for "r_switch_crc_coded" at my_jtd.v(163) File: C:/Users/HP/Desktop/bluetooth/test_zhcoded/my_jtd.v Line: 163
Info (10041): Inferred latch for "r_switch_dwh" at my_jtd.v(163) File: C:/Users/HP/Desktop/bluetooth/test_zhcoded/my_jtd.v Line: 163
Info (10041): Inferred latch for "r_switch_crc" at my_jtd.v(163) File: C:/Users/HP/Desktop/bluetooth/test_zhcoded/my_jtd.v Line: 163
Info (10041): Inferred latch for "r_coded_en" at my_jtd.v(163) File: C:/Users/HP/Desktop/bluetooth/test_zhcoded/my_jtd.v Line: 163
Info (10041): Inferred latch for "vld_flag_uncoded_crc" at my_jtd.v(163) File: C:/Users/HP/Desktop/bluetooth/test_zhcoded/my_jtd.v Line: 163
Info (10041): Inferred latch for "vld_flag_uncoded_dwh" at my_jtd.v(163) File: C:/Users/HP/Desktop/bluetooth/test_zhcoded/my_jtd.v Line: 163
Info (10041): Inferred latch for "vld_flag_coded_crc" at my_jtd.v(163) File: C:/Users/HP/Desktop/bluetooth/test_zhcoded/my_jtd.v Line: 163
Info (10041): Inferred latch for "vld_flag_coded_dwh" at my_jtd.v(163) File: C:/Users/HP/Desktop/bluetooth/test_zhcoded/my_jtd.v Line: 163
Info (10041): Inferred latch for "vld_flag_coded" at my_jtd.v(163) File: C:/Users/HP/Desktop/bluetooth/test_zhcoded/my_jtd.v Line: 163
Info (10041): Inferred latch for "r_cnt_cnt[0]" at my_jtd.v(163) File: C:/Users/HP/Desktop/bluetooth/test_zhcoded/my_jtd.v Line: 163
Info (10041): Inferred latch for "r_cnt_cnt[1]" at my_jtd.v(163) File: C:/Users/HP/Desktop/bluetooth/test_zhcoded/my_jtd.v Line: 163
Info (10041): Inferred latch for "r_cnt_cnt[2]" at my_jtd.v(163) File: C:/Users/HP/Desktop/bluetooth/test_zhcoded/my_jtd.v Line: 163
Info (10041): Inferred latch for "r_cnt_cnt[3]" at my_jtd.v(163) File: C:/Users/HP/Desktop/bluetooth/test_zhcoded/my_jtd.v Line: 163
Info (10041): Inferred latch for "r_cnt_cnt[4]" at my_jtd.v(163) File: C:/Users/HP/Desktop/bluetooth/test_zhcoded/my_jtd.v Line: 163
Info (10041): Inferred latch for "r_cnt_cnt[5]" at my_jtd.v(163) File: C:/Users/HP/Desktop/bluetooth/test_zhcoded/my_jtd.v Line: 163
Info (10041): Inferred latch for "r_cnt_cnt[6]" at my_jtd.v(163) File: C:/Users/HP/Desktop/bluetooth/test_zhcoded/my_jtd.v Line: 163
Info (10041): Inferred latch for "r_cnt_cnt[7]" at my_jtd.v(163) File: C:/Users/HP/Desktop/bluetooth/test_zhcoded/my_jtd.v Line: 163
Info (10041): Inferred latch for "vld_zz_flag" at my_jtd.v(163) File: C:/Users/HP/Desktop/bluetooth/test_zhcoded/my_jtd.v Line: 163
Info (10041): Inferred latch for "payload_zz_flag" at my_jtd.v(163) File: C:/Users/HP/Desktop/bluetooth/test_zhcoded/my_jtd.v Line: 163
Info (10041): Inferred latch for "PAYLOAD[0]" at my_jtd.v(163) File: C:/Users/HP/Desktop/bluetooth/test_zhcoded/my_jtd.v Line: 163
Info (10041): Inferred latch for "PAYLOAD[1]" at my_jtd.v(163) File: C:/Users/HP/Desktop/bluetooth/test_zhcoded/my_jtd.v Line: 163
Info (10041): Inferred latch for "PAYLOAD[2]" at my_jtd.v(163) File: C:/Users/HP/Desktop/bluetooth/test_zhcoded/my_jtd.v Line: 163
Info (10041): Inferred latch for "PAYLOAD[3]" at my_jtd.v(163) File: C:/Users/HP/Desktop/bluetooth/test_zhcoded/my_jtd.v Line: 163
Info (10041): Inferred latch for "PAYLOAD[4]" at my_jtd.v(163) File: C:/Users/HP/Desktop/bluetooth/test_zhcoded/my_jtd.v Line: 163
Info (10041): Inferred latch for "PAYLOAD[5]" at my_jtd.v(163) File: C:/Users/HP/Desktop/bluetooth/test_zhcoded/my_jtd.v Line: 163
Info (10041): Inferred latch for "PAYLOAD[6]" at my_jtd.v(163) File: C:/Users/HP/Desktop/bluetooth/test_zhcoded/my_jtd.v Line: 163
Info (10041): Inferred latch for "PAYLOAD[7]" at my_jtd.v(163) File: C:/Users/HP/Desktop/bluetooth/test_zhcoded/my_jtd.v Line: 163
Info (10041): Inferred latch for "PAYLOAD[8]" at my_jtd.v(163) File: C:/Users/HP/Desktop/bluetooth/test_zhcoded/my_jtd.v Line: 163
Info (10041): Inferred latch for "PAYLOAD[9]" at my_jtd.v(163) File: C:/Users/HP/Desktop/bluetooth/test_zhcoded/my_jtd.v Line: 163
Info (10041): Inferred latch for "PAYLOAD[10]" at my_jtd.v(163) File: C:/Users/HP/Desktop/bluetooth/test_zhcoded/my_jtd.v Line: 163
Info (10041): Inferred latch for "PAYLOAD[11]" at my_jtd.v(163) File: C:/Users/HP/Desktop/bluetooth/test_zhcoded/my_jtd.v Line: 163
Info (10041): Inferred latch for "PAYLOAD[12]" at my_jtd.v(163) File: C:/Users/HP/Desktop/bluetooth/test_zhcoded/my_jtd.v Line: 163
Info (10041): Inferred latch for "PAYLOAD[13]" at my_jtd.v(163) File: C:/Users/HP/Desktop/bluetooth/test_zhcoded/my_jtd.v Line: 163
Info (10041): Inferred latch for "PAYLOAD[14]" at my_jtd.v(163) File: C:/Users/HP/Desktop/bluetooth/test_zhcoded/my_jtd.v Line: 163
Info (10041): Inferred latch for "PAYLOAD[15]" at my_jtd.v(163) File: C:/Users/HP/Desktop/bluetooth/test_zhcoded/my_jtd.v Line: 163
Info (10041): Inferred latch for "PAYLOAD[16]" at my_jtd.v(163) File: C:/Users/HP/Desktop/bluetooth/test_zhcoded/my_jtd.v Line: 163
Info (10041): Inferred latch for "PAYLOAD[17]" at my_jtd.v(163) File: C:/Users/HP/Desktop/bluetooth/test_zhcoded/my_jtd.v Line: 163
Info (10041): Inferred latch for "PAYLOAD[18]" at my_jtd.v(163) File: C:/Users/HP/Desktop/bluetooth/test_zhcoded/my_jtd.v Line: 163
Info (10041): Inferred latch for "PAYLOAD[19]" at my_jtd.v(163) File: C:/Users/HP/Desktop/bluetooth/test_zhcoded/my_jtd.v Line: 163
Info (10041): Inferred latch for "PAYLOAD[20]" at my_jtd.v(163) File: C:/Users/HP/Desktop/bluetooth/test_zhcoded/my_jtd.v Line: 163
Info (10041): Inferred latch for "PAYLOAD[21]" at my_jtd.v(163) File: C:/Users/HP/Desktop/bluetooth/test_zhcoded/my_jtd.v Line: 163
Info (10041): Inferred latch for "PAYLOAD[22]" at my_jtd.v(163) File: C:/Users/HP/Desktop/bluetooth/test_zhcoded/my_jtd.v Line: 163
Info (10041): Inferred latch for "PAYLOAD[23]" at my_jtd.v(163) File: C:/Users/HP/Desktop/bluetooth/test_zhcoded/my_jtd.v Line: 163
Info (10041): Inferred latch for "PAYLOAD[24]" at my_jtd.v(163) File: C:/Users/HP/Desktop/bluetooth/test_zhcoded/my_jtd.v Line: 163
Info (10041): Inferred latch for "PAYLOAD[25]" at my_jtd.v(163) File: C:/Users/HP/Desktop/bluetooth/test_zhcoded/my_jtd.v Line: 163
Info (10041): Inferred latch for "PAYLOAD[26]" at my_jtd.v(163) File: C:/Users/HP/Desktop/bluetooth/test_zhcoded/my_jtd.v Line: 163
Info (10041): Inferred latch for "PAYLOAD[27]" at my_jtd.v(163) File: C:/Users/HP/Desktop/bluetooth/test_zhcoded/my_jtd.v Line: 163
Info (10041): Inferred latch for "PAYLOAD[28]" at my_jtd.v(163) File: C:/Users/HP/Desktop/bluetooth/test_zhcoded/my_jtd.v Line: 163
Info (10041): Inferred latch for "PAYLOAD[29]" at my_jtd.v(163) File: C:/Users/HP/Desktop/bluetooth/test_zhcoded/my_jtd.v Line: 163
Info (10041): Inferred latch for "PAYLOAD[30]" at my_jtd.v(163) File: C:/Users/HP/Desktop/bluetooth/test_zhcoded/my_jtd.v Line: 163
Info (10041): Inferred latch for "PAYLOAD[31]" at my_jtd.v(163) File: C:/Users/HP/Desktop/bluetooth/test_zhcoded/my_jtd.v Line: 163
Info (10041): Inferred latch for "r_rst_tx_reg" at my_jtd.v(163) File: C:/Users/HP/Desktop/bluetooth/test_zhcoded/my_jtd.v Line: 163
Info (10041): Inferred latch for "r_fsm_data_vld" at my_jtd.v(163) File: C:/Users/HP/Desktop/bluetooth/test_zhcoded/my_jtd.v Line: 163
Info (10041): Inferred latch for "r_fsm_data" at my_jtd.v(163) File: C:/Users/HP/Desktop/bluetooth/test_zhcoded/my_jtd.v Line: 163
Info (10041): Inferred latch for "next_state[0]" at my_jtd.v(163) File: C:/Users/HP/Desktop/bluetooth/test_zhcoded/my_jtd.v Line: 163
Info (10041): Inferred latch for "next_state[1]" at my_jtd.v(163) File: C:/Users/HP/Desktop/bluetooth/test_zhcoded/my_jtd.v Line: 163
Info (10041): Inferred latch for "next_state[2]" at my_jtd.v(163) File: C:/Users/HP/Desktop/bluetooth/test_zhcoded/my_jtd.v Line: 163
Info (10041): Inferred latch for "next_state[3]" at my_jtd.v(163) File: C:/Users/HP/Desktop/bluetooth/test_zhcoded/my_jtd.v Line: 163
Info (12128): Elaborating entity "my_ram" for hierarchy "my_ram:u2" File: C:/Users/HP/Desktop/bluetooth/test_zhcoded/my_jtd.v Line: 111
Info (12128): Elaborating entity "my_crc" for hierarchy "my_crc:crc_uncoded" File: C:/Users/HP/Desktop/bluetooth/test_zhcoded/my_jtd.v Line: 112
Info (12128): Elaborating entity "my_dwh" for hierarchy "my_dwh:dwh_uncoded" File: C:/Users/HP/Desktop/bluetooth/test_zhcoded/my_jtd.v Line: 113
Info (12128): Elaborating entity "my_FEC" for hierarchy "my_FEC:test" File: C:/Users/HP/Desktop/bluetooth/test_zhcoded/my_jtd.v Line: 120
Info (144001): Generated suppressed messages file C:/Users/HP/Desktop/bluetooth/test_zhcoded/output_files/my_jtd.map.smsg
Info: Quartus Prime Analysis & Elaboration was successful. 0 errors, 33 warnings
    Info: Peak virtual memory: 4797 megabytes
    Info: Processing ended: Sun Mar 27 20:16:28 2022
    Info: Elapsed time: 00:00:14
    Info: Total CPU time (on all processors): 00:00:27


+--------------------------------------------+
; Analysis & Elaboration Suppressed Messages ;
+--------------------------------------------+
The suppressed messages can be found in C:/Users/HP/Desktop/bluetooth/test_zhcoded/output_files/my_jtd.map.smsg.


